[23:22:47] [main/INFO]: Loading Minecraft 1.21.1 with Fabric Loader 0.19.3
[23:22:47] [main/INFO]: Loading 57 mods:
	- drmd 1.0.0
	- fabric-api 0.116.15+1.21.1
	   |-- fabric-api-base 0.4.42+6573ed8c19
	   |-- fabric-api-lookup-api-v1 1.6.72+7b3d111d19
	   |-- fabric-biome-api-v1 13.0.31+d527f9fd19
	   |-- fabric-block-api-v1 1.1.0+0bc3503219
	   |-- fabric-block-view-api-v2 1.0.11+ebb2264e19
	   |-- fabric-blockrenderlayer-v1 1.1.52+0af3f5a719
	   |-- fabric-client-tags-api-v1 1.2.0+1eb36c0719
	   |-- fabric-command-api-v1 1.2.49+f71b366f19
	   |-- fabric-command-api-v2 2.2.28+6ced4dd919
	   |-- fabric-commands-v0 0.2.66+df3654b319
	   |-- fabric-content-registries-v0 8.0.19+b559734419
	   |-- fabric-convention-tags-v1 2.1.7+7f945d5b19
	   |-- fabric-convention-tags-v2 2.12.0+c3656daa19
	   |-- fabric-crash-report-info-v1 0.2.29+0af3f5a719
	   |-- fabric-data-attachment-api-v1 1.4.7+5b36e0f719
	   |-- fabric-data-generation-api-v1 20.3.0+1eb36c0719
	   |-- fabric-dimensions-v1 4.0.1+65213ef819
	   |-- fabric-entity-events-v1 1.8.0+2b27e0a419
	   |-- fabric-events-interaction-v0 0.7.14+ba9dae0619
	   |-- fabric-game-rule-api-v1 1.0.53+6ced4dd919
	   |-- fabric-item-api-v1 11.3.0+467044f319
	   |-- fabric-item-group-api-v1 4.1.7+def88e3a19
	   |-- fabric-key-binding-api-v1 1.0.47+0af3f5a719
	   |-- fabric-keybindings-v0 0.2.45+df3654b319
	   |-- fabric-lifecycle-events-v1 2.6.0+0865547519
	   |-- fabric-loot-api-v2 3.0.15+3f89f5a519
	   |-- fabric-loot-api-v3 1.0.3+3f89f5a519
	   |-- fabric-message-api-v1 6.0.14+8aaf3aca19
	   |-- fabric-model-loading-api-v1 2.1.0+b4d813fc19
	   |-- fabric-networking-api-v1 4.3.1+d30f6a7919
	   |-- fabric-object-builder-api-v1 15.2.1+40875a9319
	   |-- fabric-particles-v1 4.0.2+6573ed8c19
	   |-- fabric-recipe-api-v1 5.0.16+2475392c19
	   |-- fabric-registry-sync-v0 5.3.2+e3eddc2119
	   |-- fabric-renderer-api-v1 3.4.1+b4d813fc19
	   |-- fabric-renderer-indigo 1.7.1+c705a49c19
	   |-- fabric-renderer-registries-v1 3.2.69+df3654b319
	   |-- fabric-rendering-data-attachment-v1 0.3.49+73761d2e19
	   |-- fabric-rendering-fluids-v1 3.1.6+1daea21519
	   |-- fabric-rendering-v0 1.1.72+df3654b319
	   |-- fabric-rendering-v1 5.1.0+ab4c25a019
	   |-- fabric-resource-conditions-api-v1 4.3.0+8dc279b119
	   |-- fabric-resource-loader-v0 1.3.1+5b5275af19
	   |-- fabric-screen-api-v1 2.0.26+639b4c0719
	   |-- fabric-screen-handler-api-v1 1.3.91+b559734419
	   |-- fabric-sound-api-v1 1.0.23+6573ed8c19
	   |-- fabric-tag-api-v1 1.3.0+1eb36c0719
	   |-- fabric-transfer-api-v1 5.4.4+7b3d111d19
	   \-- fabric-transitive-access-wideners-v1 6.2.0+45b9699719
	- fabricloader 0.19.3
	   \-- mixinextras 0.5.4
	- java 21
	- minecraft 1.21.1
	- sodium 0.8.13-beta.1+mc1.21.1
	- tlskincape 1.38
[23:22:47] [main/INFO]: SpongePowered MIXIN Subsystem Version=0.8.7 Source=file:/C:/Users/USER/AppData/Roaming/.minecraft/libraries/net/fabricmc/sponge-mixin/0.17.3+mixin.0.8.7/sponge-mixin-0.17.3+mixin.0.8.7.jar Service=Knot/Fabric Env=CLIENT
[23:22:47] [main/INFO]: Compatibility level set to JAVA_21
[23:22:47] [main/INFO]: Loaded configuration file for Sodium: 45 options available, 0 override(s) found
[23:22:48] [main/INFO]: Searching for graphics cards...
[23:22:48] [main/INFO]: Found graphics adapter: AdapterInfo{vendor=NVIDIA, description='NVIDIA GeForce RTX 3060', adapterType=0x0000031B, openglIcdFilePath='C:\Windows\System32\DriverStore\FileRepository\nv_dispi.inf_amd64_c8bc842500fab35b\nvoglv64.dll', openglIcdVersion=32.0.16.1047}
[23:22:48] [main/WARN]: Sodium has applied one or more workarounds to prevent crashes or other issues on your system: [NVIDIA_THREADED_OPTIMIZATIONS_BROKEN]
[23:22:48] [main/WARN]: This is not necessarily an issue, but it may result in certain features or optimizations being disabled. You can sometimes fix these issues by upgrading your graphics driver.
[23:22:48] [main/INFO]: Initializing MixinExtras via com.llamalad7.mixinextras.service.MixinExtrasServiceImpl(version=0.5.4).
[23:22:49] [Datafixer Bootstrap/INFO]: 226 Datafixer optimizations took 395 milliseconds
[23:22:55] [Render thread/INFO]: Environment: Environment[sessionHost=https://sessionserver.mojang.com, servicesHost=https://api.minecraftservices.com, name=PROD]
[23:22:55] [Render thread/INFO]: Setting user: langame
[23:22:55] [Render thread/INFO]: DRMD 6DOF initializing — 6DoF world mode (volume-first)
[23:22:55] [Render thread/INFO]: Registered DRMD entities (End boss + Sky UFO)
[23:22:55] [Render thread/INFO]: Registered DRMD map blocks
[23:22:55] [Render thread/INFO]: Registered DRMD weapons + Pyro GX + drones + aerial ordnance
[23:22:55] [Render thread/INFO]: Registered Phase3 world blocks & engineer tools
[23:22:55] [Render thread/INFO]: Registered DRMD block entities
[23:22:55] [Render thread/INFO]: Registered Industrial Underground worldgen (stock density)
[23:22:55] [Render thread/INFO]: Registered World Generation 2.0 (mega-structures + lunar/UFO + fauna)
[23:22:55] [Render thread/INFO]: Level builder online — Nether and End are bands of the main world
[23:22:55] [Render thread/INFO]: DRMD 6DOF ready — Descent session is native to this Minecraft world
[23:22:55] [Render thread/INFO]: [Indigo] Different rendering plugin detected; not applying Indigo.
[23:22:56] [Render thread/INFO]: Backend library: LWJGL version 3.3.3-snapshot
[23:22:56] [Render thread/INFO]: Modifying process environment to apply workarounds for the NVIDIA graphics driver...
[23:22:57] [Render thread/INFO]: OpenGL Vendor: NVIDIA Corporation
[23:22:57] [Render thread/INFO]: OpenGL Renderer: NVIDIA GeForce RTX 3060/PCIe/SSE2
[23:22:57] [Render thread/INFO]: OpenGL Version: 3.2.0 NVIDIA 610.47
[23:22:57] [Render thread/INFO]: Modifying OpenGL context to apply workarounds for the NVIDIA graphics driver...
[23:22:57] [Render thread/INFO]: Enabling GL_DEBUG_OUTPUT_SYNCHRONOUS to force the NVIDIA driver to disable threaded command submission
[23:22:58] [Render thread/INFO]: Reloading ResourceManager: vanilla, fabric, drmd, fabric-api, fabric-api-base, fabric-api-lookup-api-v1, fabric-biome-api-v1, fabric-block-api-v1, fabric-block-view-api-v2, fabric-blockrenderlayer-v1, fabric-client-tags-api-v1, fabric-command-api-v1, fabric-command-api-v2, fabric-commands-v0, fabric-content-registries-v0, fabric-convention-tags-v1, fabric-convention-tags-v2, fabric-crash-report-info-v1, fabric-data-attachment-api-v1, fabric-data-generation-api-v1, fabric-dimensions-v1, fabric-entity-events-v1, fabric-events-interaction-v0, fabric-game-rule-api-v1, fabric-item-api-v1, fabric-item-group-api-v1, fabric-key-binding-api-v1, fabric-keybindings-v0, fabric-lifecycle-events-v1, fabric-loot-api-v2, fabric-loot-api-v3, fabric-message-api-v1, fabric-model-loading-api-v1, fabric-networking-api-v1, fabric-object-builder-api-v1, fabric-particles-v1, fabric-recipe-api-v1, fabric-registry-sync-v0, fabric-renderer-api-v1, fabric-renderer-indigo, fabric-renderer-registries-v1, fabric-rendering-data-attachment-v1, fabric-rendering-fluids-v1, fabric-rendering-v0, fabric-rendering-v1, fabric-resource-conditions-api-v1, fabric-resource-loader-v0, fabric-screen-api-v1, fabric-screen-handler-api-v1, fabric-sound-api-v1, fabric-tag-api-v1, fabric-transfer-api-v1, fabric-transitive-access-wideners-v1, fabricloader, sodium
[23:22:58] [Worker-Main-9/INFO]: Found unifont_all_no_pua-15.1.05.hex, loading
[23:22:58] [Worker-Main-8/INFO]: Found unifont_jp_patch-15.1.05.hex, loading
[23:23:00] [Render thread/WARN]: Missing sound for event: minecraft:item.goat_horn.play
[23:23:00] [Render thread/WARN]: Missing sound for event: minecraft:entity.goat.screaming.horn_break
[23:23:00] [Render thread/INFO]: OpenAL initialized on device OpenAL Soft on Динамики (2- High Definition Audio Device)
[23:23:00] [Render thread/INFO]: Sound engine started
[23:23:00] [Render thread/INFO]: Created: 1024x512x4 minecraft:textures/atlas/blocks.png-atlas
[23:23:00] [Render thread/INFO]: Created: 256x256x4 minecraft:textures/atlas/signs.png-atlas
[23:23:00] [Render thread/INFO]: Created: 512x512x4 minecraft:textures/atlas/banner_patterns.png-atlas
[23:23:00] [Render thread/INFO]: Created: 512x512x4 minecraft:textures/atlas/shield_patterns.png-atlas
[23:23:00] [Render thread/INFO]: Created: 1024x1024x4 minecraft:textures/atlas/armor_trims.png-atlas
[23:23:00] [Render thread/INFO]: Created: 256x256x4 minecraft:textures/atlas/chest.png-atlas
[23:23:00] [Render thread/INFO]: Created: 128x64x4 minecraft:textures/atlas/decorated_pot.png-atlas
[23:23:00] [Render thread/INFO]: Created: 512x256x4 minecraft:textures/atlas/beds.png-atlas
[23:23:00] [Render thread/INFO]: Created: 512x256x4 minecraft:textures/atlas/shulker_boxes.png-atlas
[23:23:00] [Render thread/INFO]: Created: 512x256x0 minecraft:textures/atlas/particles.png-atlas
[23:23:00] [Render thread/INFO]: Created: 512x256x0 minecraft:textures/atlas/paintings.png-atlas
[23:23:00] [Render thread/INFO]: Created: 256x128x0 minecraft:textures/atlas/mob_effects.png-atlas
[23:23:00] [Render thread/INFO]: Created: 64x64x0 minecraft:textures/atlas/map_decorations.png-atlas
[23:23:00] [Render thread/INFO]: Created: 1024x512x0 minecraft:textures/atlas/gui.png-atlas
[23:23:00] [Render thread/WARN]: Shader rendertype_entity_translucent_emissive could not find sampler named Sampler2 in the specified shader program.
[23:23:02] [pool-5-thread-1/INFO]: check internet connection https://auth.tlauncher.ru/skin/api/check.bin timeout 1500 ms
[23:23:02] [ForkJoinPool.commonPool-worker-2/INFO]: check internet connection https://auth.tlauncher.org/skin/api/check.bin timeout 1500 ms
[23:23:03] [ForkJoinPool.commonPool-worker-2/INFO]: passed auth.tlauncher.org within 251 ms
[23:23:03] [pool-5-thread-1/INFO]: passed auth.tlauncher.ru within 360 ms
[23:23:10] [Render thread/INFO]: Loaded 1349 recipes
[23:23:10] [Render thread/INFO]: Loaded 1399 advancements
[23:23:13] [Render thread/INFO]: Applied 0 biome modifications to 0 of 64 new biomes in 1.144 ms
[23:23:13] [Server thread/INFO]: Starting integrated minecraft server version 1.21.1
[23:23:13] [Server thread/INFO]: Generating keypair
[23:23:16] [Server thread/INFO]: Preparing start region for dimension minecraft:overworld
[23:23:16] [Render thread/INFO]: Подготовка области возрождения: 2%
[23:23:16] [Render thread/INFO]: Подготовка области возрождения: 2%
[23:23:17] [Render thread/INFO]: Подготовка области возрождения: 18%
[23:23:17] [Render thread/INFO]: Подготовка области возрождения: 18%
[23:23:18] [Render thread/INFO]: Подготовка области возрождения: 18%
[23:23:18] [Render thread/INFO]: Подготовка области возрождения: 51%
[23:23:19] [Server thread/INFO]: Construction registry ready (0 overrides)
[23:23:19] [Render thread/INFO]: Time elapsed: 2999 ms
[23:23:19] [Server thread/INFO]: Descent spawn hub generated at 8, 90, 200
[23:23:19] [Server thread/INFO]: Descent stock worldgen seeded (all practical biome layers)
[23:23:20] [Server thread/INFO]: Reactor arena generated in minecraft:the_end at 0, 72, 0
[23:23:20] [Server thread/INFO]: Changing view distance to 12, from 10
[23:23:20] [Server thread/INFO]: Changing simulation distance to 12, from 0
[23:23:21] [Server thread/INFO]: langame[local:E:96e87f68] logged in with entity id 96 at (-22.5, 69.0, 176.5)
[23:23:21] [Server thread/INFO]: langame присоединился к игре
[23:23:21] [Render thread/INFO]: Started 6 worker threads
[23:23:21] [Render thread/INFO]: Loaded 2 advancements
[23:23:22] [pool-4-thread-1/INFO]: do head request -> https://auth.tlauncher.org/skin/v1/profile/texture/login/langame RequestMetadata(lastModified=null, eTag=W/a1dd54f348c03007c15e24ba8ac404e0, sha1=e3d73679c5c5e2ce3c404e2522054e8db239ea55) local file C:\Users\USER\AppData\Roaming\.minecraft\versions\gfrdsa\cache\https_auth.tlauncher.org\skin\v1\profile\texture\login\langame
[23:23:22] [pool-4-thread-1/INFO]: do head request -> https://auth.tlauncher.org/skin/fileservice/skins/skin_langame.png RequestMetadata(lastModified=null, eTag=fd5d1e367087d7ea27c0c38315a466a6, sha1=636453e2ec130f16b759036b8c2b4eb037838750) local file C:\Users\USER\AppData\Roaming\.minecraft\versions\gfrdsa\cache\https_auth.tlauncher.org\skin\fileservice\skins\skin_langame.png
[23:23:22] [Render thread/INFO]: calculated cape performance:TEXTURE_272, middle time: 1.8333333333333333
[23:23:22] [Render thread/INFO]: can use texture size:TEXTURE_272, middle time: 0.9
[23:24:03] [Render thread/INFO]: Reloading ResourceManager: vanilla, fabric, drmd, fabric-api, fabric-api-base, fabric-api-lookup-api-v1, fabric-biome-api-v1, fabric-block-api-v1, fabric-block-view-api-v2, fabric-blockrenderlayer-v1, fabric-client-tags-api-v1, fabric-command-api-v1, fabric-command-api-v2, fabric-commands-v0, fabric-content-registries-v0, fabric-convention-tags-v1, fabric-convention-tags-v2, fabric-crash-report-info-v1, fabric-data-attachment-api-v1, fabric-data-generation-api-v1, fabric-dimensions-v1, fabric-entity-events-v1, fabric-events-interaction-v0, fabric-game-rule-api-v1, fabric-item-api-v1, fabric-item-group-api-v1, fabric-key-binding-api-v1, fabric-keybindings-v0, fabric-lifecycle-events-v1, fabric-loot-api-v2, fabric-loot-api-v3, fabric-message-api-v1, fabric-model-loading-api-v1, fabric-networking-api-v1, fabric-object-builder-api-v1, fabric-particles-v1, fabric-recipe-api-v1, fabric-registry-sync-v0, fabric-renderer-api-v1, fabric-renderer-indigo, fabric-renderer-registries-v1, fabric-rendering-data-attachment-v1, fabric-rendering-fluids-v1, fabric-rendering-v0, fabric-rendering-v1, fabric-resource-conditions-api-v1, fabric-resource-loader-v0, fabric-screen-api-v1, fabric-screen-handler-api-v1, fabric-sound-api-v1, fabric-tag-api-v1, fabric-transfer-api-v1, fabric-transitive-access-wideners-v1, fabricloader, sodium
[23:24:03] [Worker-Main-7/INFO]: Found unifont_all_no_pua-15.1.05.hex, loading
[23:24:03] [Worker-Main-8/INFO]: Found unifont_jp_patch-15.1.05.hex, loading
[23:24:03] [Render thread/WARN]: Missing sound for event: minecraft:item.goat_horn.play
[23:24:03] [Render thread/WARN]: Missing sound for event: minecraft:entity.goat.screaming.horn_break
[23:24:03] [Render thread/INFO]: OpenAL initialized on device OpenAL Soft on Динамики (2- High Definition Audio Device)
[23:24:03] [Render thread/INFO]: Sound engine started
[23:24:04] [Render thread/INFO]: Created: 1024x512x4 minecraft:textures/atlas/blocks.png-atlas
[23:24:04] [Render thread/INFO]: Created: 256x256x4 minecraft:textures/atlas/signs.png-atlas
[23:24:04] [Render thread/INFO]: Created: 512x512x4 minecraft:textures/atlas/banner_patterns.png-atlas
[23:24:04] [Render thread/INFO]: Created: 512x512x4 minecraft:textures/atlas/shield_patterns.png-atlas
[23:24:04] [Render thread/INFO]: Created: 1024x1024x4 minecraft:textures/atlas/armor_trims.png-atlas
[23:24:04] [Render thread/INFO]: Created: 256x256x4 minecraft:textures/atlas/chest.png-atlas
[23:24:04] [Render thread/INFO]: Created: 128x64x4 minecraft:textures/atlas/decorated_pot.png-atlas
[23:24:04] [Render thread/INFO]: Created: 512x256x4 minecraft:textures/atlas/beds.png-atlas
[23:24:04] [Render thread/INFO]: Created: 512x256x4 minecraft:textures/atlas/shulker_boxes.png-atlas
[23:24:04] [Render thread/INFO]: Created: 512x256x0 minecraft:textures/atlas/particles.png-atlas
[23:24:04] [Render thread/INFO]: Created: 512x256x0 minecraft:textures/atlas/paintings.png-atlas
[23:24:04] [Render thread/INFO]: Created: 256x128x0 minecraft:textures/atlas/mob_effects.png-atlas
[23:24:04] [Render thread/INFO]: Created: 64x64x0 minecraft:textures/atlas/map_decorations.png-atlas
[23:24:04] [Render thread/INFO]: Created: 1024x512x0 minecraft:textures/atlas/gui.png-atlas
[23:24:04] [Render thread/WARN]: Shader rendertype_entity_translucent_emissive could not find sampler named Sampler2 in the specified shader program.
[23:24:04] [Render thread/INFO]: Stopping worker threads
[23:24:04] [Render thread/INFO]: Started 6 worker threads
